{
  "meta": {
    "graphml_path": "pyreason/tests/friends_graph.graphml",
    "claim": "breach_of_contract",
    "jurisdiction": "US-CA",
    "tmax": 1,
    "generated_at": "1970-01-01T00:00:00Z",
    "pyreason_version": "3.1.0"
  },
  "interpretation": {}
}